2016-01-15 14:05:59,955 - INFO : ---------LOG START-------------
2016-01-15 14:06:03,973 - WARNING : No Message
2016-01-15 14:06:45,671 - INFO : ---------LOG START-------------
2016-01-15 14:06:49,677 - WARNING : No Message
2016-01-15 14:08:20,473 - INFO : ---------LOG START-------------
2016-01-15 14:08:24,479 - WARNING : No Message
2016-01-15 14:08:51,456 - INFO : ---------LOG START-------------
2016-01-15 14:08:55,615 - WARNING : Skipped 236 bytes before start found
2016-01-15 14:09:01,397 - INFO : Data packets received:878
2016-01-15 14:09:01,397 - WARNING : ID:<110> <Unexpected END_BYTE found <0> instead of <192>
2016-01-15 14:09:01,397 - DEBUG : 110|Ä  |Ä  |Ä  |Ä  |Ä  |Ä  |Ä2k|Äbˆ|0|0|0|0
2016-01-15 14:09:01,397 - WARNING : Skipped 5 bytes before start found
2016-01-15 14:09:01,399 - INFO : Data packets received:15
2016-01-15 14:09:01,399 - WARNING : ID:<126> <Unexpected END_BYTE found <0> instead of <192>
2016-01-15 14:09:01,400 - DEBUG : 126|Ä  |Ä  |Ä  |Ä  |Ä  |Ä  |Ä!{|Ä  |0|0|128|0
2016-01-15 14:09:01,400 - WARNING : Skipped 18 bytes before start found
2016-01-15 14:10:08,541 - INFO : ---------LOG START-------------
2016-01-15 14:10:39,437 - INFO : ---------LOG START-------------
2016-01-15 14:10:49,389 - INFO : Data packets received:879
2016-01-15 14:10:49,389 - WARNING : Skipped 1 bytes before start found
2016-01-15 14:10:49,392 - INFO : Data packets received:16
2016-01-15 14:10:49,392 - WARNING : Skipped 1 bytes before start found
2016-01-15 14:12:35,328 - INFO : ---------LOG START-------------
2016-01-15 14:12:56,829 - INFO : ---------LOG START-------------
2016-01-15 14:13:06,776 - INFO : Data packets received:879
2016-01-15 14:13:06,776 - WARNING : ID:<111> <Unexpected END_BYTE found <0> instead of <192>
2016-01-15 14:13:06,776 - DEBUG : 111|Ä  | å8|öÄ | Ä | Ä | Ä | Ä | Ä |0|0|0|0
2016-01-15 14:13:06,777 - WARNING : Skipped 5 bytes before start found
2016-01-15 14:13:06,780 - INFO : Data packets received:15
2016-01-15 14:13:06,780 - WARNING : ID:<127> <Unexpected END_BYTE found <0> instead of <192>
2016-01-15 14:13:06,780 - DEBUG : 127|Ä  |¿†Æ|Ä  |Ä  |Ä  |Ä  |Ä  |Ä  |-32768|128|0|0
2016-01-15 14:13:06,781 - WARNING : Skipped 10 bytes before start found
2016-01-15 14:14:42,766 - INFO : ---------LOG START-------------
2016-01-15 14:15:02,043 - INFO : ---------LOG START-------------
2016-01-15 14:15:25,301 - INFO : ---------LOG START-------------
2016-01-15 14:15:51,886 - INFO : ---------LOG START-------------
2016-01-15 14:16:11,718 - INFO : ---------LOG START-------------
2016-01-15 14:16:45,544 - INFO : ---------LOG START-------------
2016-01-15 14:17:24,470 - INFO : ---------LOG START-------------
2016-01-15 14:17:54,434 - INFO : ---------LOG START-------------
2016-01-15 14:42:32,612 - INFO : ---------LOG START-------------
2016-01-15 14:42:55,823 - INFO : ---------LOG START-------------
2016-01-15 14:42:59,828 - WARNING : No Message
2016-01-15 14:43:19,434 - INFO : ---------LOG START-------------
2016-01-15 14:43:23,440 - WARNING : No Message
2016-01-15 14:43:52,846 - INFO : ---------LOG START-------------
2016-01-15 14:43:56,851 - WARNING : No Message
2016-01-15 14:44:06,879 - WARNING : sent <s>: stopped streaming
2016-01-15 14:44:06,879 - WARNING : serial closed
2016-01-15 14:46:31,530 - INFO : ---------LOG START-------------
2016-01-15 14:46:35,535 - WARNING : No Message
2016-01-15 14:46:39,547 - WARNING : sent <s>: stopped streaming
2016-01-15 14:46:39,547 - WARNING : serial closed
2016-01-15 15:23:42,110 - INFO : ---------LOG START-------------
2016-01-15 15:23:46,125 - WARNING : No Message
2016-01-15 15:24:07,705 - INFO : ---------LOG START-------------
2016-01-15 15:24:11,834 - WARNING : Skipped 236 bytes before start found
2016-01-15 15:24:17,747 - WARNING : sent <s>: stopped streaming
2016-01-15 15:24:17,747 - WARNING : serial closed
2016-01-15 15:24:48,340 - INFO : ---------LOG START-------------
2016-01-15 15:25:10,794 - INFO : ---------LOG START-------------
2016-01-15 15:25:22,810 - WARNING : sent <s>: stopped streaming
2016-01-15 15:25:22,810 - WARNING : serial closed
2016-01-15 15:25:38,073 - INFO : ---------LOG START-------------
2016-01-15 15:30:19,531 - INFO : ---------LOG START-------------
2016-01-15 15:30:43,552 - WARNING : sent <s>: stopped streaming
2016-01-15 15:30:43,553 - WARNING : serial closed
2016-01-15 15:33:57,489 - INFO : ---------LOG START-------------
2016-01-15 15:38:34,154 - INFO : ---------LOG START-------------
2016-01-15 15:40:02,566 - INFO : ---------LOG START-------------
2016-01-15 15:40:12,581 - WARNING : sent <s>: stopped streaming
2016-01-15 15:40:12,581 - WARNING : serial closed
2016-01-15 15:40:27,087 - INFO : ---------LOG START-------------
2016-01-15 15:42:19,105 - INFO : ---------LOG START-------------
2016-01-15 15:42:29,125 - WARNING : sent <s>: stopped streaming
2016-01-15 15:42:29,125 - WARNING : serial closed
2016-01-15 15:47:55,748 - INFO : ---------LOG START-------------
2016-01-15 15:48:23,057 - INFO : ---------LOG START-------------
2016-01-15 15:50:01,966 - INFO : ---------LOG START-------------
2016-01-15 15:50:23,954 - INFO : ---------LOG START-------------
2016-01-15 15:52:02,939 - INFO : ---------LOG START-------------
2016-01-15 15:52:27,653 - INFO : ---------LOG START-------------
2016-01-15 15:52:56,038 - INFO : ---------LOG START-------------
2016-01-15 15:53:38,784 - INFO : ---------LOG START-------------
2016-01-15 15:54:31,936 - INFO : ---------LOG START-------------
2016-01-15 15:55:08,995 - INFO : ---------LOG START-------------
2016-01-15 15:55:47,457 - INFO : ---------LOG START-------------
2016-01-15 15:56:03,789 - INFO : ---------LOG START-------------
2016-01-15 15:56:32,199 - INFO : ---------LOG START-------------
2016-01-15 15:57:11,666 - INFO : ---------LOG START-------------
2016-01-15 15:57:25,420 - INFO : ---------LOG START-------------
2016-01-15 15:59:20,415 - INFO : ---------LOG START-------------
2016-01-15 15:59:33,910 - INFO : ---------LOG START-------------
2016-01-15 16:00:17,710 - INFO : ---------LOG START-------------
2016-01-15 16:00:52,241 - INFO : ---------LOG START-------------
2016-01-15 16:01:44,569 - INFO : ---------LOG START-------------
2016-01-15 16:02:09,471 - INFO : ---------LOG START-------------
2016-01-15 16:06:34,233 - INFO : ---------LOG START-------------
2016-01-15 16:06:51,399 - INFO : ---------LOG START-------------
2016-01-15 16:07:24,748 - INFO : ---------LOG START-------------
2016-01-15 16:07:32,996 - INFO : ---------LOG START-------------
2016-01-15 16:08:30,467 - INFO : ---------LOG START-------------
2016-01-15 16:09:13,992 - INFO : ---------LOG START-------------
2016-01-15 16:09:32,900 - INFO : ---------LOG START-------------
2016-01-15 16:10:05,619 - INFO : ---------LOG START-------------
2016-01-18 10:01:17,753 - INFO : ---------LOG START-------------
2016-01-18 10:01:48,239 - INFO : ---------LOG START-------------
2016-01-18 10:17:25,519 - INFO : ---------LOG START-------------
2016-01-18 10:18:45,930 - INFO : ---------LOG START-------------
2016-01-18 10:30:25,451 - INFO : ---------LOG START-------------
2016-01-18 10:38:18,890 - INFO : ---------LOG START-------------
2016-01-18 10:39:33,799 - INFO : ---------LOG START-------------
2016-01-18 10:40:30,189 - INFO : ---------LOG START-------------
2016-01-18 10:41:26,663 - INFO : ---------LOG START-------------
2016-01-18 10:43:15,534 - INFO : ---------LOG START-------------
2016-01-18 10:48:39,362 - INFO : ---------LOG START-------------
2016-01-18 10:50:53,896 - INFO : ---------LOG START-------------
2016-01-18 10:51:39,028 - INFO : ---------LOG START-------------
2016-01-18 10:52:13,336 - INFO : ---------LOG START-------------
2016-01-18 10:53:47,985 - INFO : ---------LOG START-------------
2016-01-18 10:55:15,070 - INFO : ---------LOG START-------------
2016-01-18 10:58:59,340 - INFO : ---------LOG START-------------
2016-01-18 10:59:26,112 - INFO : ---------LOG START-------------
2016-01-18 10:59:46,244 - INFO : ---------LOG START-------------
2016-01-18 11:00:14,700 - INFO : ---------LOG START-------------
2016-01-18 11:01:41,541 - INFO : ---------LOG START-------------
2016-01-18 11:02:32,729 - INFO : ---------LOG START-------------
2016-01-18 11:03:23,888 - INFO : ---------LOG START-------------
2016-01-18 11:04:04,694 - INFO : ---------LOG START-------------
2016-01-18 11:05:29,677 - INFO : ---------LOG START-------------
2016-01-18 11:06:40,618 - INFO : ---------LOG START-------------
2016-01-18 11:09:35,884 - INFO : ---------LOG START-------------
2016-01-18 11:26:50,071 - INFO : ---------LOG START-------------
2016-01-18 12:24:10,193 - INFO : ---------LOG START-------------
2016-01-18 12:25:00,623 - INFO : ---------LOG START-------------
2016-01-18 12:31:45,384 - INFO : ---------LOG START-------------
2016-01-18 13:15:45,613 - INFO : ---------LOG START-------------
2016-01-18 13:27:10,642 - INFO : ---------LOG START-------------
2016-01-18 13:28:55,914 - INFO : ---------LOG START-------------
2016-01-18 13:31:35,101 - INFO : ---------LOG START-------------
2016-01-18 13:38:41,695 - INFO : ---------LOG START-------------
2016-01-18 13:44:51,735 - INFO : ---------LOG START-------------
2016-01-18 13:45:30,220 - INFO : ---------LOG START-------------
2016-01-18 13:47:24,838 - INFO : ---------LOG START-------------
2016-01-18 13:48:16,392 - INFO : ---------LOG START-------------
2016-01-18 13:49:30,478 - INFO : ---------LOG START-------------
2016-01-18 13:51:25,648 - INFO : ---------LOG START-------------
2016-01-18 13:52:52,759 - INFO : ---------LOG START-------------
2016-01-18 13:55:26,643 - INFO : ---------LOG START-------------
2016-01-18 13:59:01,071 - INFO : ---------LOG START-------------
2016-01-18 14:00:22,709 - INFO : ---------LOG START-------------
2016-01-18 14:01:03,143 - INFO : ---------LOG START-------------
2016-01-18 14:01:44,895 - INFO : ---------LOG START-------------
2016-01-18 14:04:37,421 - INFO : ---------LOG START-------------
2016-01-18 14:06:38,151 - INFO : ---------LOG START-------------
2016-01-18 14:07:08,538 - INFO : ---------LOG START-------------
2016-01-18 14:07:41,589 - INFO : ---------LOG START-------------
2016-01-18 14:08:26,702 - INFO : ---------LOG START-------------
2016-01-18 14:16:27,428 - INFO : ---------LOG START-------------
2016-01-18 14:18:36,355 - INFO : ---------LOG START-------------
2016-01-18 14:19:58,506 - INFO : ---------LOG START-------------
2016-01-18 14:22:01,521 - INFO : ---------LOG START-------------
2016-01-18 14:23:38,346 - INFO : ---------LOG START-------------
2016-01-18 14:25:29,037 - INFO : ---------LOG START-------------
2016-01-18 14:26:45,956 - INFO : ---------LOG START-------------
2016-01-18 14:30:12,857 - INFO : ---------LOG START-------------
2016-01-18 14:35:47,296 - INFO : ---------LOG START-------------
2016-01-18 14:36:35,025 - INFO : ---------LOG START-------------
2016-01-18 14:37:52,801 - INFO : ---------LOG START-------------
2016-01-18 14:38:40,079 - INFO : ---------LOG START-------------
2016-01-18 14:45:35,055 - INFO : ---------LOG START-------------
2016-01-18 14:45:58,167 - INFO : ---------LOG START-------------
2016-01-18 14:51:33,449 - INFO : ---------LOG START-------------
2016-01-18 15:53:36,790 - INFO : ---------LOG START-------------
2016-01-20 10:17:30,328 - INFO : ---------LOG START-------------
2016-01-20 10:20:31,384 - INFO : ---------LOG START-------------
2016-01-20 10:22:23,352 - INFO : ---------LOG START-------------
2016-01-20 10:24:17,700 - INFO : ---------LOG START-------------
2016-01-20 10:25:32,978 - INFO : ---------LOG START-------------
2016-01-20 10:27:15,173 - INFO : ---------LOG START-------------
2016-01-20 10:27:55,958 - INFO : ---------LOG START-------------
2016-01-20 10:29:31,709 - INFO : ---------LOG START-------------
2016-01-20 10:30:30,658 - INFO : ---------LOG START-------------
2016-01-20 10:35:56,790 - INFO : ---------LOG START-------------
2016-01-20 10:36:59,784 - INFO : ---------LOG START-------------
2016-01-20 10:37:34,553 - INFO : ---------LOG START-------------
2016-01-20 10:38:37,134 - INFO : ---------LOG START-------------
2016-01-20 10:39:32,798 - INFO : ---------LOG START-------------
2016-01-20 10:41:07,085 - INFO : ---------LOG START-------------
2016-01-20 10:50:28,306 - INFO : ---------LOG START-------------
2016-01-20 10:52:02,108 - INFO : ---------LOG START-------------
2016-01-20 11:13:45,052 - INFO : ---------LOG START-------------
2016-01-20 11:20:49,988 - INFO : ---------LOG START-------------
2016-01-20 12:01:34,929 - INFO : ---------LOG START-------------
2016-01-20 12:02:14,168 - INFO : ---------LOG START-------------
2016-01-20 12:02:50,045 - INFO : ---------LOG START-------------
2016-01-20 12:03:56,191 - INFO : ---------LOG START-------------
2016-01-20 12:05:55,661 - INFO : ---------LOG START-------------
2016-01-20 12:32:23,046 - INFO : ---------LOG START-------------
2016-01-20 14:18:30,520 - INFO : ---------LOG START-------------
2016-01-20 14:19:47,583 - INFO : ---------LOG START-------------
2016-01-20 14:20:35,492 - INFO : ---------LOG START-------------
2016-01-20 14:22:20,117 - INFO : ---------LOG START-------------
2016-01-20 14:23:47,161 - INFO : ---------LOG START-------------
2016-01-20 14:25:41,060 - INFO : ---------LOG START-------------
2016-01-20 14:29:21,878 - INFO : ---------LOG START-------------
2016-01-20 14:38:21,589 - INFO : ---------LOG START-------------
2016-01-20 14:45:54,041 - INFO : ---------LOG START-------------
2016-01-20 14:53:06,788 - INFO : ---------LOG START-------------
2016-01-20 14:53:56,444 - INFO : ---------LOG START-------------
2016-01-20 14:54:26,175 - INFO : ---------LOG START-------------
2016-01-20 15:45:11,899 - INFO : ---------LOG START-------------
2016-01-20 15:45:51,395 - INFO : ---------LOG START-------------
2016-01-20 15:46:37,132 - INFO : ---------LOG START-------------
2016-01-20 15:49:03,607 - INFO : ---------LOG START-------------
2016-01-20 15:52:29,126 - INFO : ---------LOG START-------------
2016-01-20 15:53:27,495 - INFO : ---------LOG START-------------
2016-01-20 15:54:57,458 - INFO : ---------LOG START-------------
2016-01-20 15:56:19,145 - INFO : ---------LOG START-------------
2016-01-20 15:56:38,352 - INFO : ---------LOG START-------------
2016-01-20 15:57:08,213 - INFO : ---------LOG START-------------
2016-01-20 15:57:35,248 - INFO : ---------LOG START-------------
2016-01-20 15:58:31,045 - INFO : ---------LOG START-------------
2016-01-20 16:03:21,169 - INFO : ---------LOG START-------------
2016-01-20 16:04:53,992 - INFO : ---------LOG START-------------
2016-01-20 16:11:20,031 - INFO : ---------LOG START-------------
2016-01-20 16:15:05,088 - INFO : ---------LOG START-------------
2016-01-20 16:26:08,323 - INFO : ---------LOG START-------------
2016-01-20 16:27:10,806 - INFO : ---------LOG START-------------
2016-01-20 16:35:30,498 - INFO : ---------LOG START-------------
2016-01-20 16:37:53,060 - INFO : ---------LOG START-------------
2016-01-20 16:40:13,676 - INFO : ---------LOG START-------------
2016-01-20 16:46:27,473 - INFO : ---------LOG START-------------
2016-01-20 16:47:40,335 - INFO : ---------LOG START-------------
2016-01-20 16:47:59,214 - INFO : ---------LOG START-------------
2016-01-21 11:00:47,737 - INFO : ---------LOG START-------------
2016-01-21 11:02:03,869 - INFO : ---------LOG START-------------
2016-01-21 11:02:30,679 - INFO : ---------LOG START-------------
2016-01-21 11:02:52,301 - INFO : ---------LOG START-------------
2016-01-21 11:03:50,129 - INFO : ---------LOG START-------------
2016-01-21 11:04:16,762 - INFO : ---------LOG START-------------
2016-01-21 11:04:49,413 - INFO : ---------LOG START-------------
2016-01-21 11:11:03,667 - INFO : ---------LOG START-------------
2016-01-21 11:11:17,737 - INFO : ---------LOG START-------------
2016-01-21 11:11:59,087 - INFO : ---------LOG START-------------
2016-01-21 11:12:34,745 - INFO : ---------LOG START-------------
2016-01-21 11:18:32,980 - INFO : ---------LOG START-------------
2016-01-21 11:18:54,370 - INFO : ---------LOG START-------------
2016-01-21 11:19:25,771 - INFO : ---------LOG START-------------
2016-01-21 11:20:37,175 - INFO : ---------LOG START-------------
2016-01-21 11:31:47,683 - INFO : ---------LOG START-------------
2016-01-21 11:32:56,814 - INFO : ---------LOG START-------------
2016-01-21 11:33:05,452 - INFO : ---------LOG START-------------
2016-01-21 11:33:39,424 - INFO : ---------LOG START-------------
2016-01-21 11:33:48,580 - INFO : ---------LOG START-------------
2016-01-21 11:34:23,103 - INFO : ---------LOG START-------------
2016-01-21 11:35:20,949 - INFO : ---------LOG START-------------
2016-01-21 11:36:27,429 - INFO : ---------LOG START-------------
2016-01-21 11:39:32,431 - INFO : ---------LOG START-------------
2016-01-21 11:41:30,245 - INFO : ---------LOG START-------------
2016-01-21 12:05:48,628 - INFO : ---------LOG START-------------
2016-01-21 12:06:16,832 - INFO : ---------LOG START-------------
2016-01-21 12:07:54,462 - INFO : ---------LOG START-------------
2016-01-21 12:09:21,715 - INFO : ---------LOG START-------------
2016-01-21 12:15:12,262 - INFO : ---------LOG START-------------
2016-01-21 12:17:09,762 - INFO : ---------LOG START-------------
2016-01-21 12:17:33,485 - INFO : ---------LOG START-------------
2016-01-21 12:21:09,490 - INFO : ---------LOG START-------------
2016-01-21 12:21:33,460 - INFO : ---------LOG START-------------
2016-01-21 12:25:26,890 - INFO : ---------LOG START-------------
2016-01-21 13:26:27,107 - INFO : ---------LOG START-------------
2016-01-21 13:27:43,551 - INFO : ---------LOG START-------------
2016-01-21 13:33:50,386 - INFO : ---------LOG START-------------
2016-01-21 13:35:25,325 - INFO : ---------LOG START-------------
2016-01-21 13:48:54,943 - INFO : ---------LOG START-------------
2016-01-21 13:49:56,986 - INFO : ---------LOG START-------------
2016-01-21 13:50:19,086 - INFO : ---------LOG START-------------
2016-01-21 13:51:04,158 - INFO : ---------LOG START-------------
2016-01-21 13:52:44,128 - INFO : ---------LOG START-------------
2016-01-21 13:53:12,533 - INFO : ---------LOG START-------------
2016-01-21 13:54:24,774 - INFO : ---------LOG START-------------
2016-01-21 14:00:53,247 - INFO : ---------LOG START-------------
2016-01-21 14:01:50,590 - INFO : ---------LOG START-------------
2016-01-21 14:03:34,106 - INFO : ---------LOG START-------------
2016-01-21 14:03:57,085 - INFO : ---------LOG START-------------
2016-01-21 14:05:26,214 - INFO : ---------LOG START-------------
2016-01-21 14:06:37,437 - INFO : ---------LOG START-------------
2016-01-21 14:13:29,257 - INFO : ---------LOG START-------------
2016-01-21 14:16:08,333 - INFO : ---------LOG START-------------
2016-01-21 14:28:50,416 - INFO : ---------LOG START-------------
2016-01-21 14:35:33,678 - INFO : ---------LOG START-------------
2016-01-21 16:54:03,857 - INFO : ---------LOG START-------------
2016-01-21 16:54:47,523 - INFO : ---------LOG START-------------
2016-01-27 14:52:56,807 - INFO : ---------LOG START-------------
2016-01-27 14:54:22,486 - INFO : ---------LOG START-------------
2016-01-27 14:55:36,933 - INFO : ---------LOG START-------------
2016-01-27 14:57:00,597 - INFO : ---------LOG START-------------
2016-01-27 14:57:27,811 - INFO : ---------LOG START-------------
2016-01-27 14:59:44,322 - INFO : ---------LOG START-------------
2016-01-27 15:56:01,310 - INFO : ---------LOG START-------------
2016-01-27 15:56:54,523 - INFO : ---------LOG START-------------
2016-01-28 14:41:08,410 - INFO : ---------LOG START-------------
2016-01-28 14:41:42,148 - INFO : ---------LOG START-------------
2016-01-28 14:43:22,337 - INFO : ---------LOG START-------------
2016-01-28 15:14:23,552 - INFO : ---------LOG START-------------
2016-01-28 15:14:54,255 - INFO : ---------LOG START-------------
2016-01-28 15:15:28,215 - INFO : ---------LOG START-------------
2016-01-28 15:15:58,710 - INFO : ---------LOG START-------------
2016-01-28 15:16:52,217 - INFO : ---------LOG START-------------
2016-01-28 15:17:31,157 - INFO : ---------LOG START-------------
2016-01-28 15:18:58,183 - INFO : ---------LOG START-------------
2016-01-28 15:29:11,404 - INFO : ---------LOG START-------------
2016-01-28 15:36:07,699 - INFO : ---------LOG START-------------
2016-01-28 15:37:41,222 - INFO : ---------LOG START-------------
2016-01-28 15:38:59,366 - INFO : ---------LOG START-------------
2016-01-28 15:41:22,495 - INFO : ---------LOG START-------------
2016-01-28 15:41:58,439 - INFO : ---------LOG START-------------
2016-01-28 15:42:33,139 - INFO : ---------LOG START-------------
2016-01-28 15:49:55,722 - INFO : ---------LOG START-------------
2016-01-28 15:51:12,569 - INFO : ---------LOG START-------------
2016-01-28 15:51:32,916 - INFO : ---------LOG START-------------
2016-01-28 15:52:20,093 - INFO : ---------LOG START-------------
2016-01-28 15:57:18,042 - INFO : ---------LOG START-------------
2016-01-28 15:57:48,642 - INFO : ---------LOG START-------------
2016-01-28 15:58:24,453 - INFO : ---------LOG START-------------
2016-01-28 15:58:58,812 - INFO : ---------LOG START-------------
2016-01-28 16:00:39,005 - INFO : ---------LOG START-------------
2016-01-28 16:01:34,315 - INFO : ---------LOG START-------------
2016-01-28 16:02:07,275 - INFO : ---------LOG START-------------
2016-01-28 16:02:59,395 - INFO : ---------LOG START-------------
2016-01-28 16:08:57,374 - INFO : ---------LOG START-------------
2016-01-28 16:10:50,311 - INFO : ---------LOG START-------------
2016-01-28 16:11:33,402 - INFO : ---------LOG START-------------
2016-01-28 16:12:32,691 - INFO : ---------LOG START-------------
2016-01-28 16:14:28,147 - INFO : ---------LOG START-------------
2016-01-28 16:15:44,203 - INFO : ---------LOG START-------------
2016-01-28 16:16:42,330 - INFO : ---------LOG START-------------
2016-01-28 16:20:50,275 - INFO : ---------LOG START-------------
2016-01-28 16:24:21,355 - INFO : ---------LOG START-------------
2016-01-28 16:26:35,716 - INFO : ---------LOG START-------------
2016-01-28 16:28:44,045 - INFO : ---------LOG START-------------
2016-01-28 16:34:48,282 - INFO : ---------LOG START-------------
2016-01-28 16:35:44,344 - INFO : ---------LOG START-------------
2016-01-28 16:36:26,938 - INFO : ---------LOG START-------------
2016-01-28 16:36:30,957 - WARNING : No Message
2016-01-28 16:38:11,893 - INFO : ---------LOG START-------------
2016-01-28 16:39:04,555 - INFO : ---------LOG START-------------
2016-01-28 16:40:04,143 - INFO : ---------LOG START-------------
2016-01-28 16:40:56,877 - INFO : ---------LOG START-------------
2016-01-28 16:41:54,476 - INFO : ---------LOG START-------------
2016-01-28 16:42:56,828 - INFO : ---------LOG START-------------
2016-01-28 16:45:06,595 - INFO : ---------LOG START-------------
2016-01-28 16:47:12,005 - INFO : ---------LOG START-------------
2016-01-28 16:48:02,916 - INFO : ---------LOG START-------------
2016-01-28 16:49:28,007 - INFO : ---------LOG START-------------
2016-01-28 16:52:04,774 - INFO : ---------LOG START-------------
2016-01-28 16:52:25,789 - INFO : ---------LOG START-------------
2016-01-28 16:54:17,950 - INFO : ---------LOG START-------------
2016-01-28 16:55:20,190 - INFO : ---------LOG START-------------
2016-01-28 16:55:52,717 - INFO : ---------LOG START-------------
2016-01-28 17:03:45,043 - INFO : ---------LOG START-------------
2016-01-28 17:04:35,597 - INFO : ---------LOG START-------------
2016-01-28 17:05:12,743 - INFO : ---------LOG START-------------
2016-01-28 17:06:44,957 - INFO : ---------LOG START-------------
2016-01-28 17:08:22,387 - INFO : ---------LOG START-------------
2016-01-28 17:09:28,499 - INFO : ---------LOG START-------------
2016-01-28 17:10:28,918 - INFO : ---------LOG START-------------
2016-01-28 17:11:02,141 - INFO : ---------LOG START-------------
2016-01-28 17:11:23,660 - INFO : ---------LOG START-------------
2016-01-28 17:12:03,343 - INFO : ---------LOG START-------------
2016-01-29 10:33:23,284 - INFO : ---------LOG START-------------
2016-01-29 10:35:47,070 - INFO : ---------LOG START-------------
2016-01-29 10:37:29,407 - INFO : ---------LOG START-------------
2016-01-29 10:38:15,774 - INFO : ---------LOG START-------------
2016-01-29 10:39:27,822 - INFO : ---------LOG START-------------
2016-01-29 10:39:56,200 - INFO : ---------LOG START-------------
2016-01-29 10:41:17,149 - INFO : ---------LOG START-------------
2016-01-29 10:43:04,983 - INFO : ---------LOG START-------------
2016-01-29 10:44:06,931 - INFO : ---------LOG START-------------
2016-01-29 10:44:26,764 - INFO : ---------LOG START-------------
2016-01-29 10:44:48,966 - INFO : ---------LOG START-------------
2016-01-29 10:45:44,429 - INFO : ---------LOG START-------------
2016-01-29 10:47:24,672 - INFO : ---------LOG START-------------
2016-01-29 10:47:38,622 - INFO : ---------LOG START-------------
2016-01-29 10:47:58,949 - INFO : ---------LOG START-------------
2016-01-29 10:48:46,206 - INFO : ---------LOG START-------------
2016-01-29 10:52:05,309 - INFO : ---------LOG START-------------
2016-01-29 10:56:30,999 - INFO : ---------LOG START-------------
2016-01-29 10:56:55,150 - INFO : ---------LOG START-------------
2016-01-29 10:59:53,200 - INFO : ---------LOG START-------------
2016-01-29 11:00:22,925 - INFO : ---------LOG START-------------
2016-01-29 11:01:20,371 - INFO : ---------LOG START-------------
2016-01-29 11:02:48,547 - INFO : ---------LOG START-------------
2016-01-29 11:05:28,669 - INFO : ---------LOG START-------------
2016-01-29 11:10:14,635 - INFO : ---------LOG START-------------
2016-01-29 11:22:12,162 - INFO : ---------LOG START-------------
2016-01-29 11:25:50,055 - INFO : ---------LOG START-------------
2016-01-29 11:27:01,612 - INFO : ---------LOG START-------------
2016-01-29 11:27:28,373 - INFO : ---------LOG START-------------
2016-01-29 11:28:27,268 - INFO : ---------LOG START-------------
2016-01-29 11:29:57,062 - INFO : ---------LOG START-------------
2016-01-29 11:30:56,249 - INFO : ---------LOG START-------------
2016-01-29 11:31:25,267 - INFO : ---------LOG START-------------
2016-01-29 11:34:00,881 - INFO : ---------LOG START-------------
2016-01-29 11:34:28,462 - INFO : ---------LOG START-------------
2016-01-29 11:35:44,845 - INFO : ---------LOG START-------------
2016-01-29 11:37:46,702 - INFO : ---------LOG START-------------
2016-01-29 11:38:23,276 - INFO : ---------LOG START-------------
2016-01-29 11:42:10,239 - INFO : ---------LOG START-------------
2016-01-29 11:44:25,551 - INFO : ---------LOG START-------------
2016-01-29 11:47:07,383 - INFO : ---------LOG START-------------
2016-01-29 11:48:15,222 - INFO : ---------LOG START-------------
2016-01-29 11:51:41,474 - INFO : ---------LOG START-------------
2016-01-29 11:54:16,029 - INFO : ---------LOG START-------------
2016-01-29 11:55:07,732 - INFO : ---------LOG START-------------
2016-01-29 11:56:55,566 - INFO : ---------LOG START-------------
2016-01-29 11:59:02,154 - INFO : ---------LOG START-------------
2016-01-29 12:00:30,791 - INFO : ---------LOG START-------------
2016-01-29 12:02:35,972 - INFO : ---------LOG START-------------
2016-01-29 12:04:20,550 - INFO : ---------LOG START-------------
2016-01-29 12:05:04,143 - INFO : ---------LOG START-------------
2016-01-29 12:06:54,535 - INFO : ---------LOG START-------------
2016-01-29 12:08:05,574 - INFO : ---------LOG START-------------
2016-01-29 12:08:29,962 - INFO : ---------LOG START-------------
2016-01-29 12:11:30,448 - INFO : ---------LOG START-------------
2016-01-29 12:13:14,528 - INFO : ---------LOG START-------------
2016-01-29 12:16:20,493 - INFO : ---------LOG START-------------
2016-01-29 12:18:24,349 - INFO : ---------LOG START-------------
2016-01-29 12:24:25,252 - INFO : ---------LOG START-------------
2016-01-29 12:25:29,740 - INFO : ---------LOG START-------------
2016-01-29 12:30:53,382 - INFO : ---------LOG START-------------
2016-01-29 12:31:22,909 - INFO : ---------LOG START-------------
2016-01-29 12:31:58,762 - INFO : ---------LOG START-------------
2016-01-29 12:32:53,261 - INFO : ---------LOG START-------------
2016-01-29 12:33:35,869 - INFO : ---------LOG START-------------
2016-01-29 12:34:16,517 - INFO : ---------LOG START-------------
2016-01-29 12:35:22,855 - INFO : ---------LOG START-------------
2016-01-29 12:37:11,044 - INFO : ---------LOG START-------------
2016-01-29 12:37:39,077 - INFO : ---------LOG START-------------
2016-01-29 12:40:15,713 - INFO : ---------LOG START-------------
2016-01-29 12:40:59,156 - INFO : ---------LOG START-------------
2016-01-29 13:58:17,821 - INFO : ---------LOG START-------------
2016-01-29 13:58:55,038 - INFO : ---------LOG START-------------
2016-01-29 14:01:05,367 - INFO : ---------LOG START-------------
2016-01-29 14:05:40,000 - INFO : ---------LOG START-------------
2016-01-29 14:06:38,634 - INFO : ---------LOG START-------------
2016-01-29 14:08:12,896 - INFO : ---------LOG START-------------
2016-01-29 14:08:56,779 - INFO : ---------LOG START-------------
2016-01-29 14:09:11,156 - INFO : ---------LOG START-------------
2016-01-29 14:09:59,195 - INFO : ---------LOG START-------------
2016-01-29 14:12:18,350 - INFO : ---------LOG START-------------
2016-01-29 14:15:11,250 - INFO : ---------LOG START-------------
2016-01-29 14:18:28,757 - INFO : ---------LOG START-------------
2016-01-29 14:19:30,797 - INFO : ---------LOG START-------------
2016-01-29 14:21:15,469 - INFO : ---------LOG START-------------
2016-01-29 14:23:06,057 - INFO : ---------LOG START-------------
2016-01-29 14:23:51,407 - INFO : ---------LOG START-------------
2016-01-29 14:24:17,037 - INFO : ---------LOG START-------------
2016-01-29 14:37:08,629 - INFO : ---------LOG START-------------
2016-01-29 14:39:03,148 - INFO : ---------LOG START-------------
2016-01-29 14:40:12,720 - INFO : ---------LOG START-------------
2016-01-29 14:42:08,932 - INFO : ---------LOG START-------------
2016-01-29 14:45:33,260 - INFO : ---------LOG START-------------
2016-01-29 14:46:28,165 - INFO : ---------LOG START-------------
2016-01-29 14:47:54,324 - INFO : ---------LOG START-------------
2016-01-29 14:50:13,278 - INFO : ---------LOG START-------------
2016-01-29 14:50:36,088 - INFO : ---------LOG START-------------
2016-01-29 14:53:34,324 - INFO : ---------LOG START-------------
2016-01-29 14:54:00,928 - INFO : ---------LOG START-------------
2016-01-29 14:56:26,346 - INFO : ---------LOG START-------------
2016-01-29 14:56:55,203 - INFO : ---------LOG START-------------
2016-01-29 15:04:26,752 - INFO : ---------LOG START-------------
2016-01-29 15:09:00,989 - INFO : ---------LOG START-------------
2016-01-29 15:09:42,769 - INFO : ---------LOG START-------------
2016-01-29 15:10:53,972 - INFO : ---------LOG START-------------
2016-01-29 15:11:28,942 - INFO : ---------LOG START-------------
2016-01-29 15:13:10,254 - INFO : ---------LOG START-------------
2016-01-29 15:13:44,014 - INFO : ---------LOG START-------------
2016-01-29 15:14:25,811 - INFO : ---------LOG START-------------
2016-01-29 15:14:29,980 - WARNING : Skipped 118 bytes before start found
2016-01-29 15:14:54,564 - INFO : ---------LOG START-------------
2016-01-29 15:15:48,518 - INFO : ---------LOG START-------------
2016-01-29 15:16:18,960 - INFO : ---------LOG START-------------
2016-01-29 15:19:33,091 - INFO : ---------LOG START-------------
2016-01-29 15:20:04,059 - INFO : ---------LOG START-------------
2016-01-29 15:20:53,395 - INFO : ---------LOG START-------------
2016-01-29 15:21:00,460 - INFO : ---------LOG START-------------
2016-01-29 15:21:09,591 - INFO : ---------LOG START-------------
2016-01-29 15:22:31,461 - INFO : ---------LOG START-------------
2016-01-29 15:22:49,061 - INFO : ---------LOG START-------------
2016-01-29 15:23:10,359 - INFO : ---------LOG START-------------
2016-01-29 15:23:29,776 - INFO : ---------LOG START-------------
2016-01-29 15:24:59,619 - INFO : ---------LOG START-------------
2016-01-29 15:25:51,600 - INFO : ---------LOG START-------------
2016-01-29 15:26:58,189 - INFO : ---------LOG START-------------
2016-01-29 15:28:33,840 - INFO : ---------LOG START-------------
2016-01-29 15:33:25,213 - INFO : ---------LOG START-------------
2016-01-29 15:34:14,522 - INFO : ---------LOG START-------------
2016-01-29 15:36:09,164 - INFO : ---------LOG START-------------
2016-01-29 15:36:50,408 - INFO : ---------LOG START-------------
2016-01-29 15:37:12,630 - INFO : ---------LOG START-------------
2016-01-29 15:39:54,491 - INFO : ---------LOG START-------------
2016-01-29 15:40:41,691 - INFO : ---------LOG START-------------
2016-01-29 15:43:25,445 - INFO : ---------LOG START-------------
2016-01-29 15:49:29,967 - INFO : ---------LOG START-------------
2016-01-29 15:49:48,369 - INFO : ---------LOG START-------------
2016-01-29 15:50:41,393 - INFO : ---------LOG START-------------
2016-01-29 15:51:29,789 - INFO : ---------LOG START-------------
2016-01-29 15:51:56,386 - INFO : ---------LOG START-------------
2016-01-29 15:54:45,418 - INFO : ---------LOG START-------------
2016-01-29 15:56:42,609 - INFO : ---------LOG START-------------
2016-01-29 16:03:57,877 - INFO : ---------LOG START-------------
2016-01-29 16:04:28,130 - INFO : ---------LOG START-------------
2016-01-29 16:07:39,918 - INFO : ---------LOG START-------------
2016-01-29 16:08:18,487 - INFO : ---------LOG START-------------
2016-01-29 16:09:17,808 - INFO : ---------LOG START-------------
2016-01-29 16:09:38,108 - INFO : ---------LOG START-------------
2016-01-29 16:10:08,857 - INFO : ---------LOG START-------------
2016-01-29 16:11:11,416 - INFO : ---------LOG START-------------
2016-02-01 10:32:50,711 - INFO : ---------LOG START-------------
2016-02-01 10:33:21,748 - INFO : ---------LOG START-------------
2016-02-01 10:34:55,395 - INFO : ---------LOG START-------------
2016-02-01 10:35:37,971 - INFO : ---------LOG START-------------
2016-02-01 10:36:27,052 - INFO : ---------LOG START-------------
2016-02-01 10:36:57,881 - INFO : ---------LOG START-------------
2016-02-01 10:38:25,647 - INFO : ---------LOG START-------------
2016-02-01 10:46:33,734 - INFO : ---------LOG START-------------
2016-02-01 10:48:19,692 - INFO : ---------LOG START-------------
2016-02-01 10:48:47,298 - INFO : ---------LOG START-------------
2016-02-01 10:49:31,909 - INFO : ---------LOG START-------------
2016-02-01 10:50:20,022 - INFO : ---------LOG START-------------
2016-02-01 10:55:09,350 - INFO : ---------LOG START-------------
2016-02-01 10:57:07,437 - INFO : ---------LOG START-------------
2016-02-01 11:13:40,867 - INFO : ---------LOG START-------------
2016-02-01 11:14:14,150 - INFO : ---------LOG START-------------
2016-02-01 11:15:31,733 - INFO : ---------LOG START-------------
2016-02-02 10:04:29,287 - INFO : ---------LOG START-------------
2016-02-02 10:05:19,009 - INFO : ---------LOG START-------------
2016-02-02 10:05:40,719 - INFO : ---------LOG START-------------
2016-02-02 12:25:06,568 - INFO : ---------LOG START-------------
2016-02-02 12:25:33,026 - INFO : ---------LOG START-------------
2016-02-02 12:26:05,647 - INFO : ---------LOG START-------------
2016-02-02 12:27:51,678 - INFO : ---------LOG START-------------
2016-02-02 13:45:46,086 - INFO : ---------LOG START-------------
2016-02-02 13:49:00,489 - INFO : ---------LOG START-------------
2016-02-02 13:49:46,189 - INFO : ---------LOG START-------------
2016-02-02 13:50:18,397 - INFO : ---------LOG START-------------
2016-02-02 13:51:06,613 - INFO : ---------LOG START-------------
2016-02-02 13:51:26,928 - INFO : ---------LOG START-------------
2016-02-02 13:52:08,153 - INFO : ---------LOG START-------------
2016-02-02 13:52:41,126 - INFO : ---------LOG START-------------
2016-02-02 13:53:06,201 - INFO : ---------LOG START-------------
2016-02-02 13:55:09,013 - INFO : ---------LOG START-------------
2016-02-02 13:55:59,142 - INFO : ---------LOG START-------------
2016-02-02 13:56:43,217 - INFO : ---------LOG START-------------
2016-02-02 13:57:16,065 - INFO : ---------LOG START-------------
2016-02-02 13:58:02,777 - INFO : ---------LOG START-------------
2016-02-02 14:08:11,139 - INFO : ---------LOG START-------------
2016-02-02 14:08:39,346 - INFO : ---------LOG START-------------
2016-02-02 14:09:13,884 - INFO : ---------LOG START-------------
2016-02-02 14:09:57,850 - INFO : ---------LOG START-------------
2016-02-02 14:56:31,730 - INFO : ---------LOG START-------------
2016-02-02 14:57:05,395 - INFO : ---------LOG START-------------
2016-02-02 14:57:34,688 - INFO : ---------LOG START-------------
2016-02-02 14:58:20,818 - INFO : ---------LOG START-------------
2016-02-02 15:08:12,046 - INFO : ---------LOG START-------------
2016-02-02 15:10:08,570 - INFO : ---------LOG START-------------
2016-02-02 15:10:44,771 - INFO : ---------LOG START-------------
2016-02-02 15:14:14,701 - INFO : ---------LOG START-------------
2016-02-02 15:14:18,878 - WARNING : Skipped 118 bytes before start found
2016-02-02 15:14:26,732 - WARNING : sent <s>: stopped streaming
2016-02-02 15:14:26,733 - WARNING : serial closed
2016-02-02 15:15:05,182 - INFO : ---------LOG START-------------
2016-02-02 15:15:11,198 - WARNING : sent <s>: stopped streaming
2016-02-02 15:15:11,199 - WARNING : serial closed
2016-02-02 15:15:26,842 - INFO : ---------LOG START-------------
2016-02-02 15:15:38,425 - INFO : ---------LOG START-------------
2016-02-02 15:15:42,573 - WARNING : Skipped 118 bytes before start found
2016-02-02 15:16:24,962 - INFO : ---------LOG START-------------
2016-02-02 15:16:55,824 - INFO : ---------LOG START-------------
2016-02-02 15:17:04,161 - INFO : ---------LOG START-------------
2016-02-02 15:18:19,450 - INFO : ---------LOG START-------------
2016-02-02 15:18:54,733 - INFO : ---------LOG START-------------
2016-02-02 15:19:00,761 - WARNING : sent <s>: stopped streaming
2016-02-02 15:19:00,772 - WARNING : serial closed
2016-02-02 15:19:10,866 - INFO : ---------LOG START-------------
2016-02-02 15:20:12,938 - INFO : ---------LOG START-------------
2016-02-02 15:20:53,026 - INFO : ---------LOG START-------------
2016-02-02 15:21:30,022 - INFO : ---------LOG START-------------
2016-02-02 15:22:02,055 - WARNING : sent <s>: stopped streaming
2016-02-02 15:22:02,065 - WARNING : serial closed
2016-02-02 15:22:47,185 - INFO : ---------LOG START-------------
2016-02-02 15:24:49,295 - INFO : ---------LOG START-------------
2016-02-02 15:26:54,624 - INFO : ---------LOG START-------------
2016-02-02 15:28:45,482 - INFO : ---------LOG START-------------
2016-02-02 15:29:40,578 - INFO : ---------LOG START-------------
2016-02-02 15:32:47,890 - INFO : ---------LOG START-------------
2016-02-02 15:41:39,472 - INFO : ---------LOG START-------------
2016-02-02 15:44:37,777 - INFO : ---------LOG START-------------
2016-02-02 16:19:12,767 - INFO : ---------LOG START-------------
2016-02-02 16:19:16,812 - WARNING : No Message
2016-02-02 16:19:27,973 - INFO : ---------LOG START-------------
2016-02-03 11:41:35,790 - INFO : ---------LOG START-------------
2016-02-03 11:45:24,673 - INFO : ---------LOG START-------------
2016-02-03 11:45:56,726 - INFO : ---------LOG START-------------
2016-02-03 11:47:16,712 - INFO : ---------LOG START-------------
2016-02-03 11:49:43,608 - INFO : ---------LOG START-------------
2016-02-03 11:51:10,429 - INFO : ---------LOG START-------------
2016-02-03 11:51:44,305 - INFO : ---------LOG START-------------
2016-02-03 11:51:48,498 - WARNING : Skipped 84 bytes before start found
2016-02-03 11:52:18,586 - INFO : ---------LOG START-------------
2016-02-03 11:52:58,427 - INFO : ---------LOG START-------------
2016-02-03 11:54:01,470 - INFO : ---------LOG START-------------
2016-02-03 11:54:05,489 - WARNING : No Message
2016-02-03 11:54:21,762 - INFO : ---------LOG START-------------
2016-02-03 11:55:20,451 - INFO : ---------LOG START-------------
2016-02-03 11:59:42,003 - INFO : ---------LOG START-------------
2016-02-03 12:01:31,393 - INFO : ---------LOG START-------------
2016-02-03 12:03:22,747 - INFO : ---------LOG START-------------
2016-02-03 13:03:12,231 - INFO : ---------LOG START-------------
2016-02-03 13:06:58,048 - INFO : ---------LOG START-------------
2016-02-03 13:13:51,240 - INFO : ---------LOG START-------------
2016-02-03 13:33:41,724 - INFO : ---------LOG START-------------
2016-02-03 13:33:45,742 - WARNING : No Message
2016-02-03 13:34:28,875 - INFO : ---------LOG START-------------
2016-02-03 13:34:32,881 - WARNING : No Message
2016-02-03 13:50:34,584 - INFO : ---------LOG START-------------
2016-02-03 13:51:16,455 - INFO : ---------LOG START-------------
2016-02-03 13:53:56,473 - INFO : ---------LOG START-------------
2016-02-03 13:54:00,590 - WARNING : Skipped 84 bytes before start found
2016-02-03 13:55:54,533 - INFO : ---------LOG START-------------
2016-02-03 13:59:36,975 - INFO : ---------LOG START-------------
2016-02-03 14:02:43,523 - INFO : ---------LOG START-------------
2016-02-03 14:06:27,505 - INFO : ---------LOG START-------------
2016-02-03 14:07:03,895 - INFO : ---------LOG START-------------
2016-02-03 15:32:02,547 - INFO : ---------LOG START-------------
2016-02-03 15:34:24,486 - INFO : ---------LOG START-------------
2016-02-03 15:39:10,780 - INFO : ---------LOG START-------------
2016-02-03 15:39:14,907 - WARNING : Skipped 84 bytes before start found
2016-02-03 15:40:15,591 - INFO : ---------LOG START-------------
2016-02-03 15:40:38,971 - INFO : ---------LOG START-------------
2016-02-03 15:49:30,105 - INFO : ---------LOG START-------------
2016-02-03 15:52:22,041 - INFO : ---------LOG START-------------
2016-02-04 09:52:26,508 - INFO : ---------LOG START-------------
2016-02-04 10:31:18,466 - INFO : ---------LOG START-------------
2016-02-04 10:50:38,978 - INFO : ---------LOG START-------------
2016-02-04 12:03:31,834 - INFO : ---------LOG START-------------
2016-02-04 13:17:25,860 - INFO : ---------LOG START-------------
2016-02-04 14:43:56,615 - INFO : ---------LOG START-------------
2016-02-09 11:04:14,519 - INFO : ---------LOG START-------------
2016-02-09 11:50:34,618 - INFO : ---------LOG START-------------
2016-02-09 11:52:18,173 - INFO : ---------LOG START-------------
2016-02-09 11:53:15,540 - INFO : ---------LOG START-------------
2016-02-09 11:54:00,303 - INFO : ---------LOG START-------------
2016-02-09 11:54:55,634 - INFO : ---------LOG START-------------
2016-02-09 12:04:01,389 - INFO : ---------LOG START-------------
2016-02-09 12:04:05,543 - WARNING : Skipped 84 bytes before start found
2016-02-09 12:05:15,406 - INFO : ---------LOG START-------------
2016-02-09 12:07:24,229 - INFO : ---------LOG START-------------
2016-02-09 12:09:16,971 - INFO : ---------LOG START-------------
2016-02-09 13:17:58,998 - INFO : ---------LOG START-------------
2016-02-09 13:21:44,614 - INFO : ---------LOG START-------------
2016-02-09 13:25:34,097 - INFO : ---------LOG START-------------
2016-02-09 13:25:38,115 - WARNING : No Message
2016-02-09 13:25:50,143 - INFO : ---------LOG START-------------
2016-02-09 13:27:34,643 - INFO : ---------LOG START-------------
2016-02-09 13:46:14,221 - INFO : ---------LOG START-------------
2016-02-09 13:52:13,346 - INFO : ---------LOG START-------------
2016-02-09 13:52:59,340 - INFO : ---------LOG START-------------
2016-02-09 13:59:18,134 - INFO : ---------LOG START-------------
2016-02-09 14:00:47,285 - INFO : ---------LOG START-------------
2016-02-09 14:07:14,278 - INFO : ---------LOG START-------------
2016-02-09 14:08:00,177 - INFO : ---------LOG START-------------
2016-02-09 14:20:40,658 - INFO : ---------LOG START-------------
2016-02-09 14:34:03,694 - INFO : ---------LOG START-------------
2016-02-09 14:34:07,846 - WARNING : Skipped 84 bytes before start found
2016-02-09 14:36:33,662 - INFO : ---------LOG START-------------
2016-02-09 14:38:38,424 - INFO : ---------LOG START-------------
2016-02-09 14:43:05,187 - INFO : ---------LOG START-------------
2016-02-09 14:44:33,183 - INFO : ---------LOG START-------------
2016-02-09 14:51:14,900 - INFO : ---------LOG START-------------
2016-02-09 14:56:50,436 - INFO : ---------LOG START-------------
2016-02-09 14:58:44,671 - INFO : ---------LOG START-------------
2016-02-09 15:01:18,336 - INFO : ---------LOG START-------------
2016-02-09 15:01:51,485 - INFO : ---------LOG START-------------
2016-02-09 15:05:15,359 - INFO : ---------LOG START-------------
2016-02-09 15:08:32,548 - INFO : ---------LOG START-------------
2016-02-09 15:09:14,661 - INFO : ---------LOG START-------------
2016-02-09 15:10:43,510 - INFO : ---------LOG START-------------
2016-02-09 15:12:00,947 - INFO : ---------LOG START-------------
2016-02-09 15:12:52,822 - INFO : ---------LOG START-------------
2016-02-10 10:37:44,382 - INFO : ---------LOG START-------------
2016-02-10 10:39:42,515 - INFO : ---------LOG START-------------
2016-02-10 10:40:41,187 - INFO : ---------LOG START-------------
2016-02-10 10:42:00,772 - INFO : ---------LOG START-------------
2016-02-10 10:42:51,964 - INFO : ---------LOG START-------------
2016-02-10 10:45:06,730 - INFO : ---------LOG START-------------
2016-02-10 10:46:38,821 - INFO : ---------LOG START-------------
2016-02-10 10:47:01,078 - INFO : ---------LOG START-------------
2016-02-10 10:47:21,646 - INFO : ---------LOG START-------------
2016-02-10 10:47:51,383 - INFO : ---------LOG START-------------
2016-02-10 10:48:19,682 - INFO : ---------LOG START-------------
2016-02-10 10:48:43,762 - INFO : ---------LOG START-------------
2016-02-10 10:57:12,409 - INFO : ---------LOG START-------------
2016-02-10 11:01:17,694 - INFO : ---------LOG START-------------
2016-02-10 11:03:18,209 - INFO : ---------LOG START-------------
2016-02-10 11:04:23,804 - INFO : ---------LOG START-------------
2016-02-10 11:05:11,366 - INFO : Data packets received:10691
2016-02-10 11:05:12,485 - WARNING : Skipped 1 bytes before start found
2016-02-10 11:05:12,802 - INFO : Data packets received:16
2016-02-10 11:05:12,802 - WARNING : Skipped 1 bytes before start found
2016-02-10 11:05:12,814 - INFO : Data packets received:104
2016-02-10 11:05:12,814 - WARNING : ID:<208> <Unexpected END_BYTE found <0> instead of <192>
2016-02-10 11:05:12,814 - DEBUG : 208|C´|ê˜~|ê+W|êÅ|è˛U|ê">|è√Ì|ê;|0|0|0|0
2016-02-10 11:05:12,814 - WARNING : Skipped 5 bytes before start found
2016-02-10 11:05:12,816 - INFO : Data packets received:15
2016-02-10 11:05:12,816 - WARNING : ID:<224> <Unexpected END_BYTE found <213> instead of <192>
2016-02-10 11:05:12,816 - DEBUG : 224|‚ø|êkô|è∏@|èë@|è”|è§Ò|èD|èá|0|0|-28714|213
2016-02-10 11:05:12,817 - WARNING : Skipped 17 bytes before start found
2016-02-10 11:07:12,079 - INFO : ---------LOG START-------------
2016-02-10 11:08:01,188 - INFO : Data packets received:10161
2016-02-10 11:08:03,347 - WARNING : ID:<177> <Unexpected END_BYTE found <0> instead of <192>
2016-02-10 11:08:03,347 - DEBUG : 177|ç÷|Ä  |Ä  |Ä  | Ä | Ä | Ä | Ä |0|0|0|0
2016-02-10 11:08:03,348 - WARNING : Skipped 5 bytes before start found
2016-02-10 11:08:03,349 - INFO : Data packets received:15
2016-02-10 11:08:03,349 - WARNING : ID:<193> <Unexpected END_BYTE found <128> instead of <192>
2016-02-10 11:08:03,350 - DEBUG : 193|`|Ä  |Ä  |Ä  |¿†Ú|¨|Ä  |Ä  |-32768|128|0|128
2016-02-10 11:08:03,350 - WARNING : Skipped 15 bytes before start found
2016-02-10 11:08:03,350 - WARNING : ID:<20> <Unexpected END_BYTE found <0> instead of <192>
2016-02-10 11:08:03,350 - DEBUG : 20| ¿†|Û‡|HÄ | Ä | Ä | Ä | Ä | Ä |128|0|0|0
2016-02-10 11:08:03,350 - WARNING : Skipped 23 bytes before start found
2016-02-10 11:08:03,362 - INFO : Data packets received:103
2016-02-10 11:08:03,362 - WARNING : ID:<91> <Unexpected END_BYTE found <0> instead of <192>
2016-02-10 11:08:03,362 - DEBUG : 91|ﬁ˙|Ä  | Ä | Ä | Ä | Ä | Ä | Ä |0|0|0|0
2016-02-10 11:08:03,362 - WARNING : Skipped 5 bytes before start found
2016-02-10 11:08:03,366 - INFO : Data packets received:15
2016-02-10 11:08:03,366 - WARNING : ID:<107> <Unexpected END_BYTE found <26> instead of <192>
2016-02-10 11:08:03,366 - DEBUG : 107|Ú/|Ä  |Ä  |Ä  |Ä  |Ä  |Ä  |   |0|192|-24557|26
2016-02-10 11:08:03,370 - WARNING : Skipped 34 bytes before start found
2016-02-10 11:11:57,489 - INFO : ---------LOG START-------------
2016-02-10 11:13:19,773 - INFO : ---------LOG START-------------
2016-02-10 11:14:19,446 - INFO : ---------LOG START-------------
2016-02-10 11:14:59,309 - INFO : ---------LOG START-------------
2016-02-10 11:16:10,179 - INFO : ---------LOG START-------------
2016-02-10 11:18:03,510 - INFO : ---------LOG START-------------
2016-02-10 11:18:52,948 - INFO : ---------LOG START-------------
2016-02-10 11:18:57,110 - WARNING : Skipped 84 bytes before start found
2016-02-10 11:20:55,966 - INFO : ---------LOG START-------------
2016-02-10 11:21:00,120 - WARNING : Skipped 84 bytes before start found
2016-02-10 11:22:17,685 - INFO : ---------LOG START-------------
2016-02-10 11:23:23,547 - INFO : ---------LOG START-------------
2016-02-10 11:25:39,037 - INFO : ---------LOG START-------------
2016-02-10 11:26:53,737 - INFO : ---------LOG START-------------
2016-02-10 11:28:16,940 - INFO : ---------LOG START-------------
2016-02-10 11:29:00,395 - INFO : ---------LOG START-------------
2016-02-10 11:29:04,541 - WARNING : Skipped 84 bytes before start found
2016-02-10 11:30:19,982 - INFO : ---------LOG START-------------
2016-02-10 11:33:54,301 - INFO : ---------LOG START-------------
2016-02-10 11:35:12,891 - INFO : ---------LOG START-------------
2016-02-10 11:35:34,140 - INFO : ---------LOG START-------------
2016-02-10 11:35:38,283 - WARNING : Skipped 84 bytes before start found
2016-02-10 11:40:07,991 - INFO : ---------LOG START-------------
2016-02-10 11:44:54,500 - INFO : ---------LOG START-------------
2016-02-10 11:50:36,694 - INFO : ---------LOG START-------------
2016-02-10 11:52:05,951 - INFO : ---------LOG START-------------
2016-02-10 11:52:10,096 - WARNING : Skipped 84 bytes before start found
2016-02-10 12:04:14,983 - INFO : ---------LOG START-------------
2016-02-10 12:05:06,409 - INFO : ---------LOG START-------------
2016-02-10 12:05:10,557 - WARNING : Skipped 84 bytes before start found
2016-02-10 12:06:38,725 - INFO : ---------LOG START-------------
2016-02-10 12:07:49,787 - INFO : ---------LOG START-------------
2016-02-10 12:09:36,179 - INFO : ---------LOG START-------------
2016-02-10 12:09:40,198 - WARNING : No Message
2016-02-10 12:09:51,699 - INFO : ---------LOG START-------------
2016-02-10 12:14:10,344 - INFO : ---------LOG START-------------
2016-02-10 12:15:21,588 - INFO : ---------LOG START-------------
2016-02-10 12:16:39,174 - INFO : ---------LOG START-------------
2016-02-10 12:17:55,442 - INFO : ---------LOG START-------------
2016-02-10 12:20:25,573 - INFO : ---------LOG START-------------
2016-02-10 12:21:30,270 - INFO : ---------LOG START-------------
2016-02-10 12:28:07,895 - INFO : ---------LOG START-------------
2016-02-10 12:28:48,421 - INFO : ---------LOG START-------------
2016-02-10 12:30:28,585 - INFO : ---------LOG START-------------
2016-02-10 12:34:10,144 - INFO : ---------LOG START-------------
2016-02-10 12:40:51,167 - INFO : ---------LOG START-------------
2016-02-10 12:41:29,860 - INFO : ---------LOG START-------------
2016-02-10 12:42:22,755 - INFO : ---------LOG START-------------
2016-02-10 12:44:08,580 - INFO : ---------LOG START-------------
2016-02-10 12:44:50,980 - INFO : ---------LOG START-------------
2016-02-10 12:45:34,610 - INFO : ---------LOG START-------------
2016-02-10 12:45:38,769 - WARNING : Skipped 84 bytes before start found
2016-02-10 12:46:51,170 - INFO : ---------LOG START-------------
2016-02-10 12:47:02,382 - INFO : ---------LOG START-------------
2016-02-10 12:48:02,903 - INFO : ---------LOG START-------------
2016-02-10 12:48:06,922 - WARNING : No Message
2016-02-10 12:48:19,293 - INFO : ---------LOG START-------------
2016-02-10 12:49:11,278 - INFO : ---------LOG START-------------
2016-02-10 12:50:33,134 - INFO : ---------LOG START-------------
2016-02-10 12:52:44,943 - INFO : ---------LOG START-------------
2016-02-10 12:54:10,343 - INFO : ---------LOG START-------------
2016-02-10 12:54:53,974 - INFO : ---------LOG START-------------
2016-02-10 14:05:56,779 - INFO : ---------LOG START-------------
2016-02-10 14:06:00,926 - WARNING : Skipped 84 bytes before start found
2016-02-10 14:12:17,469 - INFO : ---------LOG START-------------
2016-02-10 14:13:23,135 - INFO : ---------LOG START-------------
2016-02-10 14:14:47,159 - INFO : ---------LOG START-------------
2016-02-10 14:15:03,827 - INFO : ---------LOG START-------------
2016-02-10 14:15:07,992 - WARNING : Skipped 84 bytes before start found
2016-02-10 14:15:25,499 - INFO : ---------LOG START-------------
2016-02-10 14:25:46,942 - INFO : ---------LOG START-------------
2016-02-10 14:26:48,491 - INFO : ---------LOG START-------------
2016-02-10 14:27:54,050 - INFO : ---------LOG START-------------
2016-02-10 14:28:52,704 - INFO : ---------LOG START-------------
2016-02-10 14:29:46,437 - INFO : ---------LOG START-------------
2016-02-10 14:31:39,648 - INFO : ---------LOG START-------------
2016-02-10 14:32:45,048 - INFO : ---------LOG START-------------
2016-02-10 14:33:21,536 - INFO : ---------LOG START-------------
2016-02-10 14:35:21,876 - INFO : ---------LOG START-------------
2016-02-10 14:48:57,014 - INFO : ---------LOG START-------------
2016-02-10 14:50:04,403 - INFO : ---------LOG START-------------
2016-02-10 14:51:47,925 - INFO : ---------LOG START-------------
2016-02-10 14:52:42,926 - INFO : ---------LOG START-------------
2016-02-10 15:42:30,348 - INFO : ---------LOG START-------------
2016-02-10 15:46:41,426 - INFO : ---------LOG START-------------
2016-02-10 15:48:17,700 - INFO : ---------LOG START-------------
2016-02-10 15:49:17,771 - INFO : ---------LOG START-------------
2016-02-10 15:50:43,154 - INFO : ---------LOG START-------------
2016-02-10 15:51:03,464 - INFO : ---------LOG START-------------
2016-02-10 15:51:07,605 - WARNING : Skipped 84 bytes before start found
2016-02-10 15:54:01,078 - INFO : ---------LOG START-------------
2016-02-10 15:54:43,260 - INFO : ---------LOG START-------------
2016-02-10 15:54:47,432 - WARNING : Skipped 84 bytes before start found
2016-02-10 15:56:47,517 - INFO : ---------LOG START-------------
2016-02-10 15:56:51,682 - WARNING : Skipped 84 bytes before start found
2016-02-10 15:57:42,214 - INFO : ---------LOG START-------------
2016-02-10 15:58:46,062 - INFO : ---------LOG START-------------
2016-02-10 15:58:50,228 - WARNING : Skipped 84 bytes before start found
2016-02-10 16:04:26,252 - INFO : ---------LOG START-------------
2016-02-10 16:04:30,402 - WARNING : Skipped 84 bytes before start found
2016-02-10 16:05:39,122 - INFO : ---------LOG START-------------
2016-02-10 16:05:43,295 - WARNING : Skipped 84 bytes before start found
2016-02-10 16:06:43,276 - INFO : ---------LOG START-------------
2016-02-10 16:08:02,157 - INFO : ---------LOG START-------------
2016-02-10 16:14:39,507 - INFO : ---------LOG START-------------
2016-02-10 16:14:43,676 - WARNING : Skipped 84 bytes before start found
2016-02-10 16:38:55,205 - INFO : ---------LOG START-------------
2016-02-11 09:59:57,430 - INFO : ---------LOG START-------------
2016-02-12 10:19:15,731 - INFO : ---------LOG START-------------
2016-02-12 10:22:11,692 - INFO : ---------LOG START-------------
2016-02-12 10:24:02,541 - INFO : ---------LOG START-------------
2016-02-12 10:27:11,268 - INFO : ---------LOG START-------------
2016-02-12 10:29:37,852 - INFO : ---------LOG START-------------
2016-02-12 10:30:18,501 - INFO : ---------LOG START-------------
2016-02-12 10:31:40,294 - INFO : ---------LOG START-------------
2016-02-12 11:18:21,863 - INFO : ---------LOG START-------------
2016-02-12 11:32:28,137 - INFO : ---------LOG START-------------
2016-02-16 12:40:51,642 - INFO : ---------LOG START-------------
2016-02-17 13:02:49,367 - INFO : ---------LOG START-------------
2016-02-17 13:06:02,281 - INFO : ---------LOG START-------------
2016-02-17 13:06:06,435 - WARNING : Skipped 84 bytes before start found
2016-02-17 13:07:13,636 - INFO : ---------LOG START-------------
